
> my-portfolio@0.0.0 build
> vite build

[36mvite v7.1.3 [32mbuilding for production...[36m[39m
transforming...
[32mΓ£ô[39m 436 modules transformed.
node.exe : [31mΓ£ù[39m Build failed in 1.04s
At C:\Program Files\nodejs\npm.ps1:29 char:3
+   & $NODE_EXE $NPM_CLI_JS $args
+   ~~~~~~~~~~~~~~~~~~~~~~~~~~~~~
    + CategoryInfo          : NotSpecified: ([31 
   mΓ£ù[39m Build failed in 1.04s:String) [], R  
  emoteException
    + FullyQualifiedErrorId : NativeCommandError
 
[31merror during build:
[31msrc/SkillsSection.jsx (31:2): 
"SiMicrosoftazure" is not exported by 
"node_modules/react-icons/si/index.mjs", imported 
by "src/SkillsSection.jsx".[31m
file: [36mC:/Users/N Laxmikantha 
Rao/Desktop/React Projects/my-portfolio/src/Skills
Section.jsx:31:2[31m
[33m
29:   SiPython,
30:   SiC,
31:   SiMicrosoftazure,
      ^
32:   SiGithub,
33:   SiVisualstudiocode,
[31m
    at getRollupError (file:///C:/Users/N%20Laxmik
antha%20Rao/Desktop/React%20Projects/my-portfolio/
node_modules/rollup/dist/es/shared/parseAst.js:401
:41)
    at error (file:///C:/Users/N%20Laxmikantha%20R
ao/Desktop/React%20Projects/my-portfolio/node_modu
les/rollup/dist/es/shared/parseAst.js:397:42)
    at Module.error (file:///C:/Users/N%20Laxmikan
tha%20Rao/Desktop/React%20Projects/my-portfolio/no
de_modules/rollup/dist/es/shared/node-entry.js:169
15:16)
    at Module.traceVariable (file:///C:/Users/N%20
Laxmikantha%20Rao/Desktop/React%20Projects/my-port
folio/node_modules/rollup/dist/es/shared/node-entr
y.js:17367:29)
    at ModuleScope.findVariable (file:///C:/Users/
N%20Laxmikantha%20Rao/Desktop/React%20Projects/my-
portfolio/node_modules/rollup/dist/es/shared/node-
entry.js:15037:39)
    at FunctionScope.findVariable (file:///C:/User
s/N%20Laxmikantha%20Rao/Desktop/React%20Projects/m
y-portfolio/node_modules/rollup/dist/es/shared/nod
e-entry.js:5626:38)
    at FunctionBodyScope.findVariable (file:///C:/
Users/N%20Laxmikantha%20Rao/Desktop/React%20Projec
ts/my-portfolio/node_modules/rollup/dist/es/shared
/node-entry.js:5626:38)
    at Identifier.bind (file:///C:/Users/N%20Laxmi
kantha%20Rao/Desktop/React%20Projects/my-portfolio
/node_modules/rollup/dist/es/shared/node-entry.js:
5400:40)
    at CallExpression.bind (file:///C:/Users/N%20L
axmikantha%20Rao/Desktop/React%20Projects/my-portf
olio/node_modules/rollup/dist/es/shared/node-entry
.js:2787:28)
    at CallExpression.bind (file:///C:/Users/N%20L
axmikantha%20Rao/Desktop/React%20Projects/my-portf
olio/node_modules/rollup/dist/es/shared/node-entry
.js:12066:15)[39m
